Consolidate compiler generated dependencies of target icp_lib
Consolidate compiler generated dependencies of target sensor_explore_node
Consolidate compiler generated dependencies of target explore_supervisor
[ 50%] Building CXX object CMakeFiles/icp_lib.dir/src/icp.cpp.o
[ 62%] Built target explore_supervisor
[ 62%] Built target sensor_explore_node
[ 75%] Linking CXX static library libicp_lib.a
[ 75%] Built target icp_lib
Consolidate compiler generated dependencies of target icp_map_matching_node
[ 87%] Building CXX object CMakeFiles/icp_map_matching_node.dir/src/icp_map_matching_node.cpp.o
[100%] Linking CXX executable icp_map_matching_node
[100%] Built target icp_map_matching_node
-- Install configuration: ""
-- Up-to-date: /home/naoki/ros2_ws/src/multi_explore_mapping/install/multi_explore_mapping/lib/multi_explore_mapping/sensor_explore_node
-- Up-to-date: /home/naoki/ros2_ws/src/multi_explore_mapping/install/multi_explore_mapping/lib/multi_explore_mapping/explore_supervisor
-- Installing: /home/naoki/ros2_ws/src/multi_explore_mapping/install/multi_explore_mapping/lib/multi_explore_mapping/icp_map_matching_node
-- Set runtime path of "/home/naoki/ros2_ws/src/multi_explore_mapping/install/multi_explore_mapping/lib/multi_explore_mapping/icp_map_matching_node" to ""
-- Up-to-date: /home/naoki/ros2_ws/src/multi_explore_mapping/install/multi_explore_mapping/include
-- Up-to-date: /home/naoki/ros2_ws/src/multi_explore_mapping/install/multi_explore_mapping/include/multi_explore_mapping
-- Installing: /home/naoki/ros2_ws/src/multi_explore_mapping/install/multi_explore_mapping/include/multi_explore_mapping/icp.hpp
-- Up-to-date: /home/naoki/ros2_ws/src/multi_explore_mapping/install/multi_explore_mapping/share/multi_explore_mapping//launch
-- Up-to-date: /home/naoki/ros2_ws/src/multi_explore_mapping/install/multi_explore_mapping/share/multi_explore_mapping//launch/map_matching.launch.py
-- Up-to-date: /home/naoki/ros2_ws/src/multi_explore_mapping/install/multi_explore_mapping/share/multi_explore_mapping//launch/simulation_world.launch.py
-- Up-to-date: /home/naoki/ros2_ws/src/multi_explore_mapping/install/multi_explore_mapping/share/multi_explore_mapping//launch/explore_supervisor.launch.py
-- Up-to-date: /home/naoki/ros2_ws/src/multi_explore_mapping/install/multi_explore_mapping/share/multi_explore_mapping//launch/sensor_explore.launch.py
-- Up-to-date: /home/naoki/ros2_ws/src/multi_explore_mapping/install/multi_explore_mapping/share/multi_explore_mapping//launch/map_merge.launch.py
-- Up-to-date: /home/naoki/ros2_ws/src/multi_explore_mapping/install/multi_explore_mapping/share/multi_explore_mapping//worlds
-- Up-to-date: /home/naoki/ros2_ws/src/multi_explore_mapping/install/multi_explore_mapping/share/multi_explore_mapping//worlds/my_custom_room.world
-- Up-to-date: /home/naoki/ros2_ws/src/multi_explore_mapping/install/multi_explore_mapping/share/multi_explore_mapping//models
-- Up-to-date: /home/naoki/ros2_ws/src/multi_explore_mapping/install/multi_explore_mapping/share/multi_explore_mapping//models/my_custom_model
-- Up-to-date: /home/naoki/ros2_ws/src/multi_explore_mapping/install/multi_explore_mapping/share/multi_explore_mapping//models/my_custom_model/model.config
-- Up-to-date: /home/naoki/ros2_ws/src/multi_explore_mapping/install/multi_explore_mapping/share/multi_explore_mapping//models/my_custom_model/meshes
-- Up-to-date: /home/naoki/ros2_ws/src/multi_explore_mapping/install/multi_explore_mapping/share/multi_explore_mapping//models/my_custom_model/meshes/wide.dae
-- Up-to-date: /home/naoki/ros2_ws/src/multi_explore_mapping/install/multi_explore_mapping/share/multi_explore_mapping//models/my_custom_model/model.sdf
-- Up-to-date: /home/naoki/ros2_ws/src/multi_explore_mapping/install/multi_explore_mapping/share/ament_index/resource_index/package_run_dependencies/multi_explore_mapping
-- Up-to-date: /home/naoki/ros2_ws/src/multi_explore_mapping/install/multi_explore_mapping/share/ament_index/resource_index/parent_prefix_path/multi_explore_mapping
-- Up-to-date: /home/naoki/ros2_ws/src/multi_explore_mapping/install/multi_explore_mapping/share/multi_explore_mapping/environment/ament_prefix_path.sh
-- Up-to-date: /home/naoki/ros2_ws/src/multi_explore_mapping/install/multi_explore_mapping/share/multi_explore_mapping/environment/ament_prefix_path.dsv
-- Up-to-date: /home/naoki/ros2_ws/src/multi_explore_mapping/install/multi_explore_mapping/share/multi_explore_mapping/environment/path.sh
-- Up-to-date: /home/naoki/ros2_ws/src/multi_explore_mapping/install/multi_explore_mapping/share/multi_explore_mapping/environment/path.dsv
-- Up-to-date: /home/naoki/ros2_ws/src/multi_explore_mapping/install/multi_explore_mapping/share/multi_explore_mapping/local_setup.bash
-- Up-to-date: /home/naoki/ros2_ws/src/multi_explore_mapping/install/multi_explore_mapping/share/multi_explore_mapping/local_setup.sh
-- Up-to-date: /home/naoki/ros2_ws/src/multi_explore_mapping/install/multi_explore_mapping/share/multi_explore_mapping/local_setup.zsh
-- Up-to-date: /home/naoki/ros2_ws/src/multi_explore_mapping/install/multi_explore_mapping/share/multi_explore_mapping/local_setup.dsv
-- Installing: /home/naoki/ros2_ws/src/multi_explore_mapping/install/multi_explore_mapping/share/multi_explore_mapping/package.dsv
-- Up-to-date: /home/naoki/ros2_ws/src/multi_explore_mapping/install/multi_explore_mapping/share/ament_index/resource_index/packages/multi_explore_mapping
-- Up-to-date: /home/naoki/ros2_ws/src/multi_explore_mapping/install/multi_explore_mapping/share/multi_explore_mapping/cmake/multi_explore_mappingConfig.cmake
-- Up-to-date: /home/naoki/ros2_ws/src/multi_explore_mapping/install/multi_explore_mapping/share/multi_explore_mapping/cmake/multi_explore_mappingConfig-version.cmake
-- Up-to-date: /home/naoki/ros2_ws/src/multi_explore_mapping/install/multi_explore_mapping/share/multi_explore_mapping/package.xml
