[0.012s] Invoking command in '/home/naoki/ros2_ws/src/multi_explore_mapping/build/multi_explore_mapping': CMAKE_PREFIX_PATH=${CMAKE_PREFIX_PATH}:/home/naoki/ros2_ws/install/multi_robot_slam:/home/naoki/ros2_ws/src/install/multi_robot_slam:/opt/ros/humble /usr/bin/cmake --build /home/naoki/ros2_ws/src/multi_explore_mapping/build/multi_explore_mapping -- -j16 -l16
[0.077s] Consolidate compiler generated dependencies of target icp_lib
[0.078s] Consolidate compiler generated dependencies of target sensor_explore_node
[0.079s] Consolidate compiler generated dependencies of target explore_supervisor
[0.086s] [ 50%] Building CXX object CMakeFiles/icp_lib.dir/src/icp.cpp.o
[0.087s] [ 62%] Built target explore_supervisor
[0.087s] [ 62%] Built target sensor_explore_node
[2.793s] [ 75%] Linking CXX static library libicp_lib.a
[2.828s] [ 75%] Built target icp_lib
[2.839s] Consolidate compiler generated dependencies of target icp_map_matching_node
[2.849s] [ 87%] Building CXX object CMakeFiles/icp_map_matching_node.dir/src/icp_map_matching_node.cpp.o
[9.326s] [100%] Linking CXX executable icp_map_matching_node
[9.832s] [100%] Built target icp_map_matching_node
[9.837s] Invoked command in '/home/naoki/ros2_ws/src/multi_explore_mapping/build/multi_explore_mapping' returned '0': CMAKE_PREFIX_PATH=${CMAKE_PREFIX_PATH}:/home/naoki/ros2_ws/install/multi_robot_slam:/home/naoki/ros2_ws/src/install/multi_robot_slam:/opt/ros/humble /usr/bin/cmake --build /home/naoki/ros2_ws/src/multi_explore_mapping/build/multi_explore_mapping -- -j16 -l16
[9.843s] Invoking command in '/home/naoki/ros2_ws/src/multi_explore_mapping/build/multi_explore_mapping': CMAKE_PREFIX_PATH=${CMAKE_PREFIX_PATH}:/home/naoki/ros2_ws/install/multi_robot_slam:/home/naoki/ros2_ws/src/install/multi_robot_slam:/opt/ros/humble /usr/bin/cmake --install /home/naoki/ros2_ws/src/multi_explore_mapping/build/multi_explore_mapping
[9.846s] -- Install configuration: ""
[9.848s] -- Up-to-date: /home/naoki/ros2_ws/src/multi_explore_mapping/install/multi_explore_mapping/lib/multi_explore_mapping/sensor_explore_node
[9.849s] -- Up-to-date: /home/naoki/ros2_ws/src/multi_explore_mapping/install/multi_explore_mapping/lib/multi_explore_mapping/explore_supervisor
[9.849s] -- Installing: /home/naoki/ros2_ws/src/multi_explore_mapping/install/multi_explore_mapping/lib/multi_explore_mapping/icp_map_matching_node
[9.852s] -- Set runtime path of "/home/naoki/ros2_ws/src/multi_explore_mapping/install/multi_explore_mapping/lib/multi_explore_mapping/icp_map_matching_node" to ""
[9.852s] -- Up-to-date: /home/naoki/ros2_ws/src/multi_explore_mapping/install/multi_explore_mapping/include
[9.852s] -- Up-to-date: /home/naoki/ros2_ws/src/multi_explore_mapping/install/multi_explore_mapping/include/multi_explore_mapping
[9.853s] -- Installing: /home/naoki/ros2_ws/src/multi_explore_mapping/install/multi_explore_mapping/include/multi_explore_mapping/icp.hpp
[9.853s] -- Up-to-date: /home/naoki/ros2_ws/src/multi_explore_mapping/install/multi_explore_mapping/share/multi_explore_mapping//launch
[9.853s] -- Up-to-date: /home/naoki/ros2_ws/src/multi_explore_mapping/install/multi_explore_mapping/share/multi_explore_mapping//launch/map_matching.launch.py
[9.853s] -- Up-to-date: /home/naoki/ros2_ws/src/multi_explore_mapping/install/multi_explore_mapping/share/multi_explore_mapping//launch/simulation_world.launch.py
[9.853s] -- Up-to-date: /home/naoki/ros2_ws/src/multi_explore_mapping/install/multi_explore_mapping/share/multi_explore_mapping//launch/explore_supervisor.launch.py
[9.853s] -- Up-to-date: /home/naoki/ros2_ws/src/multi_explore_mapping/install/multi_explore_mapping/share/multi_explore_mapping//launch/sensor_explore.launch.py
[9.853s] -- Up-to-date: /home/naoki/ros2_ws/src/multi_explore_mapping/install/multi_explore_mapping/share/multi_explore_mapping//launch/map_merge.launch.py
[9.853s] -- Up-to-date: /home/naoki/ros2_ws/src/multi_explore_mapping/install/multi_explore_mapping/share/multi_explore_mapping//worlds
[9.853s] -- Up-to-date: /home/naoki/ros2_ws/src/multi_explore_mapping/install/multi_explore_mapping/share/multi_explore_mapping//worlds/my_custom_room.world
[9.853s] -- Up-to-date: /home/naoki/ros2_ws/src/multi_explore_mapping/install/multi_explore_mapping/share/multi_explore_mapping//models
[9.853s] -- Up-to-date: /home/naoki/ros2_ws/src/multi_explore_mapping/install/multi_explore_mapping/share/multi_explore_mapping//models/my_custom_model
[9.853s] -- Up-to-date: /home/naoki/ros2_ws/src/multi_explore_mapping/install/multi_explore_mapping/share/multi_explore_mapping//models/my_custom_model/model.config
[9.853s] -- Up-to-date: /home/naoki/ros2_ws/src/multi_explore_mapping/install/multi_explore_mapping/share/multi_explore_mapping//models/my_custom_model/meshes
[9.853s] -- Up-to-date: /home/naoki/ros2_ws/src/multi_explore_mapping/install/multi_explore_mapping/share/multi_explore_mapping//models/my_custom_model/meshes/wide.dae
[9.853s] -- Up-to-date: /home/naoki/ros2_ws/src/multi_explore_mapping/install/multi_explore_mapping/share/multi_explore_mapping//models/my_custom_model/model.sdf
[9.853s] -- Up-to-date: /home/naoki/ros2_ws/src/multi_explore_mapping/install/multi_explore_mapping/share/ament_index/resource_index/package_run_dependencies/multi_explore_mapping
[9.853s] -- Up-to-date: /home/naoki/ros2_ws/src/multi_explore_mapping/install/multi_explore_mapping/share/ament_index/resource_index/parent_prefix_path/multi_explore_mapping
[9.853s] -- Up-to-date: /home/naoki/ros2_ws/src/multi_explore_mapping/install/multi_explore_mapping/share/multi_explore_mapping/environment/ament_prefix_path.sh
[9.853s] -- Up-to-date: /home/naoki/ros2_ws/src/multi_explore_mapping/install/multi_explore_mapping/share/multi_explore_mapping/environment/ament_prefix_path.dsv
[9.853s] -- Up-to-date: /home/naoki/ros2_ws/src/multi_explore_mapping/install/multi_explore_mapping/share/multi_explore_mapping/environment/path.sh
[9.853s] -- Up-to-date: /home/naoki/ros2_ws/src/multi_explore_mapping/install/multi_explore_mapping/share/multi_explore_mapping/environment/path.dsv
[9.853s] -- Up-to-date: /home/naoki/ros2_ws/src/multi_explore_mapping/install/multi_explore_mapping/share/multi_explore_mapping/local_setup.bash
[9.854s] -- Up-to-date: /home/naoki/ros2_ws/src/multi_explore_mapping/install/multi_explore_mapping/share/multi_explore_mapping/local_setup.sh
[9.854s] -- Up-to-date: /home/naoki/ros2_ws/src/multi_explore_mapping/install/multi_explore_mapping/share/multi_explore_mapping/local_setup.zsh
[9.854s] -- Up-to-date: /home/naoki/ros2_ws/src/multi_explore_mapping/install/multi_explore_mapping/share/multi_explore_mapping/local_setup.dsv
[9.854s] -- Installing: /home/naoki/ros2_ws/src/multi_explore_mapping/install/multi_explore_mapping/share/multi_explore_mapping/package.dsv
[9.854s] -- Up-to-date: /home/naoki/ros2_ws/src/multi_explore_mapping/install/multi_explore_mapping/share/ament_index/resource_index/packages/multi_explore_mapping
[9.854s] -- Up-to-date: /home/naoki/ros2_ws/src/multi_explore_mapping/install/multi_explore_mapping/share/multi_explore_mapping/cmake/multi_explore_mappingConfig.cmake
[9.854s] -- Up-to-date: /home/naoki/ros2_ws/src/multi_explore_mapping/install/multi_explore_mapping/share/multi_explore_mapping/cmake/multi_explore_mappingConfig-version.cmake
[9.854s] -- Up-to-date: /home/naoki/ros2_ws/src/multi_explore_mapping/install/multi_explore_mapping/share/multi_explore_mapping/package.xml
[9.854s] Invoked command in '/home/naoki/ros2_ws/src/multi_explore_mapping/build/multi_explore_mapping' returned '0': CMAKE_PREFIX_PATH=${CMAKE_PREFIX_PATH}:/home/naoki/ros2_ws/install/multi_robot_slam:/home/naoki/ros2_ws/src/install/multi_robot_slam:/opt/ros/humble /usr/bin/cmake --install /home/naoki/ros2_ws/src/multi_explore_mapping/build/multi_explore_mapping
