[0.008s] Invoking command in '/home/naoki/ros2_ws/src/multi_explore_mapping/build/multi_explore_mapping': CMAKE_PREFIX_PATH=${CMAKE_PREFIX_PATH}:/home/naoki/ros2_ws/install/multi_robot_slam:/home/naoki/ros2_ws/src/install/multi_robot_slam:/opt/ros/humble /usr/bin/cmake --build /home/naoki/ros2_ws/src/multi_explore_mapping/build/multi_explore_mapping -- -j16 -l16
[0.036s] -- Found ament_cmake: 1.3.14 (/opt/ros/humble/share/ament_cmake/cmake)
[0.131s] -- Found rclcpp: 16.0.19 (/opt/ros/humble/share/rclcpp/cmake)
[0.222s] -- Found rosidl_generator_c: 3.1.8 (/opt/ros/humble/share/rosidl_generator_c/cmake)
[0.225s] -- Found rosidl_adapter: 3.1.8 (/opt/ros/humble/share/rosidl_adapter/cmake)
[0.233s] -- Found rosidl_generator_cpp: 3.1.8 (/opt/ros/humble/share/rosidl_generator_cpp/cmake)
[0.244s] -- Using all available rosidl_typesupport_c: rosidl_typesupport_fastrtps_c;rosidl_typesupport_introspection_c
[0.256s] -- Using all available rosidl_typesupport_cpp: rosidl_typesupport_fastrtps_cpp;rosidl_typesupport_introspection_cpp
[0.289s] -- Found rmw_implementation_cmake: 6.1.2 (/opt/ros/humble/share/rmw_implementation_cmake/cmake)
[0.292s] -- Found rmw_fastrtps_cpp: 6.2.10 (/opt/ros/humble/share/rmw_fastrtps_cpp/cmake)
[2.496s] -- Using RMW implementation 'rmw_fastrtps_cpp' as default
[2.547s] -- Found nav_msgs: 4.9.1 (/opt/ros/humble/share/nav_msgs/cmake)
[2.571s] -- Found sensor_msgs: 4.9.1 (/opt/ros/humble/share/sensor_msgs/cmake)
[2.585s] -- Found nav2_msgs: 1.1.20 (/opt/ros/humble/share/nav2_msgs/cmake)
[2.623s] -- Found std_srvs: 4.9.1 (/opt/ros/humble/share/std_srvs/cmake)
[2.642s] -- Found OpenCV: /usr (found version "4.5.4") 
[2.644s] -- Found cv_bridge: 3.2.1 (/opt/ros/humble/share/cv_bridge/cmake)
[2.649s] -- Found tf2_ros: 0.25.20 (/opt/ros/humble/share/tf2_ros/cmake)
[2.717s] -- Found tf2_geometry_msgs: 0.25.20 (/opt/ros/humble/share/tf2_geometry_msgs/cmake)
[2.741s] -- Found eigen3_cmake_module: 0.1.1 (/opt/ros/humble/share/eigen3_cmake_module/cmake)
[2.742s] -- Found Eigen3: TRUE (found version "3.4.0") 
[2.742s] -- Ensuring Eigen3 include directory is part of orocos-kdl CMake target
[2.748s] -- Found ament_lint_auto: 0.12.15 (/opt/ros/humble/share/ament_lint_auto/cmake)
[2.804s] -- Added test 'cppcheck' to perform static code analysis on C / C++ code
[2.804s] -- Configured cppcheck include dirs: /home/naoki/ros2_ws/src/multi_explore_mapping/include
[2.804s] -- Configured cppcheck exclude dirs and/or files: 
[2.805s] -- Added test 'flake8' to check Python code syntax and style conventions
[2.807s] -- Added test 'lint_cmake' to check CMake code style
[2.807s] -- Added test 'pep257' to check Python code against some of the docstring style conventions in PEP 257
[2.812s] -- Added test 'uncrustify' to check C / C++ code style
[2.812s] -- Configured uncrustify additional arguments: 
[2.813s] -- Added test 'xmllint' to check XML markup files
[2.815s] -- Configuring done
[2.832s] -- Generating done
[2.838s] -- Build files have been written to: /home/naoki/ros2_ws/src/multi_explore_mapping/build/multi_explore_mapping
[2.856s] Consolidate compiler generated dependencies of target explore_supervisor
[2.857s] [ 12%] Building CXX object CMakeFiles/icp_lib.dir/src/icp.cpp.o
[2.858s] [ 25%] Building CXX object CMakeFiles/sensor_explore_node.dir/src/sensor_explore_node.cpp.o
[2.862s] [ 37%] Building CXX object CMakeFiles/explore_supervisor.dir/src/explore_supervisor.cpp.o
[5.290s] [ 50%] Linking CXX static library libicp_lib.a
[5.330s] [ 50%] Built target icp_lib
[5.343s] [ 62%] Building CXX object CMakeFiles/icp_map_matching_node.dir/src/icp_map_matching_node.cpp.o
[8.386s] [ 75%] Linking CXX executable explore_supervisor
[8.633s] [ 75%] Built target explore_supervisor
[9.777s] [ 87%] Linking CXX executable sensor_explore_node
[10.046s] [ 87%] Built target sensor_explore_node
[11.423s] [100%] Linking CXX executable icp_map_matching_node
[11.770s] [100%] Built target icp_map_matching_node
[11.848s] Invoked command in '/home/naoki/ros2_ws/src/multi_explore_mapping/build/multi_explore_mapping' returned '0': CMAKE_PREFIX_PATH=${CMAKE_PREFIX_PATH}:/home/naoki/ros2_ws/install/multi_robot_slam:/home/naoki/ros2_ws/src/install/multi_robot_slam:/opt/ros/humble /usr/bin/cmake --build /home/naoki/ros2_ws/src/multi_explore_mapping/build/multi_explore_mapping -- -j16 -l16
[11.854s] Invoking command in '/home/naoki/ros2_ws/src/multi_explore_mapping/build/multi_explore_mapping': CMAKE_PREFIX_PATH=${CMAKE_PREFIX_PATH}:/home/naoki/ros2_ws/install/multi_robot_slam:/home/naoki/ros2_ws/src/install/multi_robot_slam:/opt/ros/humble /usr/bin/cmake --install /home/naoki/ros2_ws/src/multi_explore_mapping/build/multi_explore_mapping
[11.857s] -- Install configuration: ""
[11.857s] -- Installing: /home/naoki/ros2_ws/src/multi_explore_mapping/install/multi_explore_mapping/lib/multi_explore_mapping/sensor_explore_node
[11.860s] -- Set runtime path of "/home/naoki/ros2_ws/src/multi_explore_mapping/install/multi_explore_mapping/lib/multi_explore_mapping/sensor_explore_node" to ""
[11.860s] -- Installing: /home/naoki/ros2_ws/src/multi_explore_mapping/install/multi_explore_mapping/lib/multi_explore_mapping/explore_supervisor
[11.862s] -- Set runtime path of "/home/naoki/ros2_ws/src/multi_explore_mapping/install/multi_explore_mapping/lib/multi_explore_mapping/explore_supervisor" to ""
[11.862s] -- Installing: /home/naoki/ros2_ws/src/multi_explore_mapping/install/multi_explore_mapping/lib/multi_explore_mapping/icp_map_matching_node
[11.864s] -- Set runtime path of "/home/naoki/ros2_ws/src/multi_explore_mapping/install/multi_explore_mapping/lib/multi_explore_mapping/icp_map_matching_node" to ""
[11.864s] -- Installing: /home/naoki/ros2_ws/src/multi_explore_mapping/install/multi_explore_mapping/include
[11.864s] -- Installing: /home/naoki/ros2_ws/src/multi_explore_mapping/install/multi_explore_mapping/include/multi_explore_mapping
[11.865s] -- Installing: /home/naoki/ros2_ws/src/multi_explore_mapping/install/multi_explore_mapping/include/multi_explore_mapping/icp.hpp
[11.865s] -- Installing: /home/naoki/ros2_ws/src/multi_explore_mapping/install/multi_explore_mapping/share/multi_explore_mapping//launch
[11.865s] -- Installing: /home/naoki/ros2_ws/src/multi_explore_mapping/install/multi_explore_mapping/share/multi_explore_mapping//launch/map_matching.launch.py
[11.865s] -- Installing: /home/naoki/ros2_ws/src/multi_explore_mapping/install/multi_explore_mapping/share/multi_explore_mapping//launch/simulation_world.launch.py
[11.865s] -- Installing: /home/naoki/ros2_ws/src/multi_explore_mapping/install/multi_explore_mapping/share/multi_explore_mapping//launch/explore_supervisor.launch.py
[11.865s] -- Installing: /home/naoki/ros2_ws/src/multi_explore_mapping/install/multi_explore_mapping/share/multi_explore_mapping//launch/sensor_explore.launch.py
[11.865s] -- Installing: /home/naoki/ros2_ws/src/multi_explore_mapping/install/multi_explore_mapping/share/multi_explore_mapping//launch/map_merge.launch.py
[11.865s] -- Installing: /home/naoki/ros2_ws/src/multi_explore_mapping/install/multi_explore_mapping/share/multi_explore_mapping//worlds
[11.865s] -- Installing: /home/naoki/ros2_ws/src/multi_explore_mapping/install/multi_explore_mapping/share/multi_explore_mapping//worlds/my_custom_room.world
[11.865s] -- Installing: /home/naoki/ros2_ws/src/multi_explore_mapping/install/multi_explore_mapping/share/multi_explore_mapping//models
[11.865s] -- Installing: /home/naoki/ros2_ws/src/multi_explore_mapping/install/multi_explore_mapping/share/multi_explore_mapping//models/my_custom_model
[11.865s] -- Installing: /home/naoki/ros2_ws/src/multi_explore_mapping/install/multi_explore_mapping/share/multi_explore_mapping//models/my_custom_model/model.config
[11.866s] -- Installing: /home/naoki/ros2_ws/src/multi_explore_mapping/install/multi_explore_mapping/share/multi_explore_mapping//models/my_custom_model/meshes
[11.866s] -- Installing: /home/naoki/ros2_ws/src/multi_explore_mapping/install/multi_explore_mapping/share/multi_explore_mapping//models/my_custom_model/meshes/wide.dae
[11.866s] -- Installing: /home/naoki/ros2_ws/src/multi_explore_mapping/install/multi_explore_mapping/share/multi_explore_mapping//models/my_custom_model/model.sdf
[11.867s] -- Installing: /home/naoki/ros2_ws/src/multi_explore_mapping/install/multi_explore_mapping/share/ament_index/resource_index/package_run_dependencies/multi_explore_mapping
[11.867s] -- Installing: /home/naoki/ros2_ws/src/multi_explore_mapping/install/multi_explore_mapping/share/ament_index/resource_index/parent_prefix_path/multi_explore_mapping
[11.868s] -- Installing: /home/naoki/ros2_ws/src/multi_explore_mapping/install/multi_explore_mapping/share/multi_explore_mapping/environment/ament_prefix_path.sh
[11.868s] -- Installing: /home/naoki/ros2_ws/src/multi_explore_mapping/install/multi_explore_mapping/share/multi_explore_mapping/environment/ament_prefix_path.dsv
[11.868s] -- Installing: /home/naoki/ros2_ws/src/multi_explore_mapping/install/multi_explore_mapping/share/multi_explore_mapping/environment/path.sh
[11.869s] -- Installing: /home/naoki/ros2_ws/src/multi_explore_mapping/install/multi_explore_mapping/share/multi_explore_mapping/environment/path.dsv
[11.869s] -- Installing: /home/naoki/ros2_ws/src/multi_explore_mapping/install/multi_explore_mapping/share/multi_explore_mapping/local_setup.bash
[11.869s] -- Installing: /home/naoki/ros2_ws/src/multi_explore_mapping/install/multi_explore_mapping/share/multi_explore_mapping/local_setup.sh
[11.869s] -- Installing: /home/naoki/ros2_ws/src/multi_explore_mapping/install/multi_explore_mapping/share/multi_explore_mapping/local_setup.zsh
[11.869s] -- Installing: /home/naoki/ros2_ws/src/multi_explore_mapping/install/multi_explore_mapping/share/multi_explore_mapping/local_setup.dsv
[11.869s] -- Installing: /home/naoki/ros2_ws/src/multi_explore_mapping/install/multi_explore_mapping/share/multi_explore_mapping/package.dsv
[11.869s] -- Installing: /home/naoki/ros2_ws/src/multi_explore_mapping/install/multi_explore_mapping/share/ament_index/resource_index/packages/multi_explore_mapping
[11.869s] -- Installing: /home/naoki/ros2_ws/src/multi_explore_mapping/install/multi_explore_mapping/share/multi_explore_mapping/cmake/multi_explore_mappingConfig.cmake
[11.869s] -- Installing: /home/naoki/ros2_ws/src/multi_explore_mapping/install/multi_explore_mapping/share/multi_explore_mapping/cmake/multi_explore_mappingConfig-version.cmake
[11.869s] -- Installing: /home/naoki/ros2_ws/src/multi_explore_mapping/install/multi_explore_mapping/share/multi_explore_mapping/package.xml
[11.870s] Invoked command in '/home/naoki/ros2_ws/src/multi_explore_mapping/build/multi_explore_mapping' returned '0': CMAKE_PREFIX_PATH=${CMAKE_PREFIX_PATH}:/home/naoki/ros2_ws/install/multi_robot_slam:/home/naoki/ros2_ws/src/install/multi_robot_slam:/opt/ros/humble /usr/bin/cmake --install /home/naoki/ros2_ws/src/multi_explore_mapping/build/multi_explore_mapping
