-- Found ament_cmake: 1.3.14 (/opt/ros/humble/share/ament_cmake/cmake)
-- Found rclcpp: 16.0.19 (/opt/ros/humble/share/rclcpp/cmake)
-- Found rosidl_generator_c: 3.1.8 (/opt/ros/humble/share/rosidl_generator_c/cmake)
-- Found rosidl_adapter: 3.1.8 (/opt/ros/humble/share/rosidl_adapter/cmake)
-- Found rosidl_generator_cpp: 3.1.8 (/opt/ros/humble/share/rosidl_generator_cpp/cmake)
-- Using all available rosidl_typesupport_c: rosidl_typesupport_fastrtps_c;rosidl_typesupport_introspection_c
-- Using all available rosidl_typesupport_cpp: rosidl_typesupport_fastrtps_cpp;rosidl_typesupport_introspection_cpp
-- Found rmw_implementation_cmake: 6.1.2 (/opt/ros/humble/share/rmw_implementation_cmake/cmake)
-- Found rmw_fastrtps_cpp: 6.2.10 (/opt/ros/humble/share/rmw_fastrtps_cpp/cmake)
-- Using RMW implementation 'rmw_fastrtps_cpp' as default
-- Found nav_msgs: 4.9.1 (/opt/ros/humble/share/nav_msgs/cmake)
-- Found sensor_msgs: 4.9.1 (/opt/ros/humble/share/sensor_msgs/cmake)
-- Found nav2_msgs: 1.1.20 (/opt/ros/humble/share/nav2_msgs/cmake)
-- Found std_srvs: 4.9.1 (/opt/ros/humble/share/std_srvs/cmake)
-- Found visualization_msgs: 4.9.1 (/opt/ros/humble/share/visualization_msgs/cmake)
-- Found cv_bridge: 3.2.1 (/opt/ros/humble/share/cv_bridge/cmake)
-- Found tf2_ros: 0.25.20 (/opt/ros/humble/share/tf2_ros/cmake)
-- Found tf2_geometry_msgs: 0.25.20 (/opt/ros/humble/share/tf2_geometry_msgs/cmake)
-- Found eigen3_cmake_module: 0.1.1 (/opt/ros/humble/share/eigen3_cmake_module/cmake)
-- Ensuring Eigen3 include directory is part of orocos-kdl CMake target
-- Found ament_lint_auto: 0.12.15 (/opt/ros/humble/share/ament_lint_auto/cmake)
-- Added test 'cppcheck' to perform static code analysis on C / C++ code
-- Configured cppcheck include dirs: /home/naoki/ros2_ws/src/multi_explore_mapping/include
-- Configured cppcheck exclude dirs and/or files: 
-- Added test 'flake8' to check Python code syntax and style conventions
-- Added test 'lint_cmake' to check CMake code style
-- Added test 'pep257' to check Python code against some of the docstring style conventions in PEP 257
-- Added test 'uncrustify' to check C / C++ code style
-- Configured uncrustify additional arguments: 
-- Added test 'xmllint' to check XML markup files
-- Configuring done
-- Generating done
-- Build files have been written to: /home/naoki/ros2_ws/src/multi_explore_mapping/build/multi_explore_mapping
Consolidate compiler generated dependencies of target icp_lib
Consolidate compiler generated dependencies of target sensor_explore_node
Consolidate compiler generated dependencies of target explore_supervisor
[ 10%] Building CXX object CMakeFiles/frontier_explore_node.dir/src/frontier_explore_node.cpp.o
[ 30%] Built target icp_lib
[ 50%] Built target explore_supervisor
[ 60%] Building CXX object CMakeFiles/sensor_explore_node.dir/src/sensor_explore_node.cpp.o
Consolidate compiler generated dependencies of target icp_map_matching_node
[ 70%] Building CXX object CMakeFiles/icp_map_matching_node.dir/src/icp_map_matching_node.cpp.o
[ 80%] Linking CXX executable frontier_explore_node
[ 80%] Built target frontier_explore_node
[ 90%] Linking CXX executable sensor_explore_node
[100%] Linking CXX executable icp_map_matching_node
[100%] Built target sensor_explore_node
[100%] Built target icp_map_matching_node
-- Install configuration: ""
-- Installing: /home/naoki/ros2_ws/src/multi_explore_mapping/install/multi_explore_mapping/lib/multi_explore_mapping/sensor_explore_node
-- Set runtime path of "/home/naoki/ros2_ws/src/multi_explore_mapping/install/multi_explore_mapping/lib/multi_explore_mapping/sensor_explore_node" to ""
-- Up-to-date: /home/naoki/ros2_ws/src/multi_explore_mapping/install/multi_explore_mapping/lib/multi_explore_mapping/explore_supervisor
-- Installing: /home/naoki/ros2_ws/src/multi_explore_mapping/install/multi_explore_mapping/lib/multi_explore_mapping/icp_map_matching_node
-- Set runtime path of "/home/naoki/ros2_ws/src/multi_explore_mapping/install/multi_explore_mapping/lib/multi_explore_mapping/icp_map_matching_node" to ""
-- Installing: /home/naoki/ros2_ws/src/multi_explore_mapping/install/multi_explore_mapping/lib/multi_explore_mapping/frontier_explore_node
-- Set runtime path of "/home/naoki/ros2_ws/src/multi_explore_mapping/install/multi_explore_mapping/lib/multi_explore_mapping/frontier_explore_node" to ""
-- Up-to-date: /home/naoki/ros2_ws/src/multi_explore_mapping/install/multi_explore_mapping/include
-- Up-to-date: /home/naoki/ros2_ws/src/multi_explore_mapping/install/multi_explore_mapping/include/multi_explore_mapping
-- Up-to-date: /home/naoki/ros2_ws/src/multi_explore_mapping/install/multi_explore_mapping/include/multi_explore_mapping/icp.hpp
-- Up-to-date: /home/naoki/ros2_ws/src/multi_explore_mapping/install/multi_explore_mapping/share/multi_explore_mapping//launch
-- Installing: /home/naoki/ros2_ws/src/multi_explore_mapping/install/multi_explore_mapping/share/multi_explore_mapping//launch/map_matching.launch.py
-- Installing: /home/naoki/ros2_ws/src/multi_explore_mapping/install/multi_explore_mapping/share/multi_explore_mapping//launch/simulation_world.launch.py
-- Up-to-date: /home/naoki/ros2_ws/src/multi_explore_mapping/install/multi_explore_mapping/share/multi_explore_mapping//launch/explore_supervisor.launch.py
-- Installing: /home/naoki/ros2_ws/src/multi_explore_mapping/install/multi_explore_mapping/share/multi_explore_mapping//launch/sensor_explore.launch.py
-- Installing: /home/naoki/ros2_ws/src/multi_explore_mapping/install/multi_explore_mapping/share/multi_explore_mapping//launch/frontier_explore.launch.py
-- Up-to-date: /home/naoki/ros2_ws/src/multi_explore_mapping/install/multi_explore_mapping/share/multi_explore_mapping//launch/map_merge.launch.py
-- Up-to-date: /home/naoki/ros2_ws/src/multi_explore_mapping/install/multi_explore_mapping/share/multi_explore_mapping//worlds
-- Up-to-date: /home/naoki/ros2_ws/src/multi_explore_mapping/install/multi_explore_mapping/share/multi_explore_mapping//worlds/my_custom_room.world
-- Up-to-date: /home/naoki/ros2_ws/src/multi_explore_mapping/install/multi_explore_mapping/share/multi_explore_mapping//models
-- Up-to-date: /home/naoki/ros2_ws/src/multi_explore_mapping/install/multi_explore_mapping/share/multi_explore_mapping//models/my_custom_model
-- Up-to-date: /home/naoki/ros2_ws/src/multi_explore_mapping/install/multi_explore_mapping/share/multi_explore_mapping//models/my_custom_model/model.config
-- Up-to-date: /home/naoki/ros2_ws/src/multi_explore_mapping/install/multi_explore_mapping/share/multi_explore_mapping//models/my_custom_model/meshes
-- Up-to-date: /home/naoki/ros2_ws/src/multi_explore_mapping/install/multi_explore_mapping/share/multi_explore_mapping//models/my_custom_model/meshes/wide.dae
-- Up-to-date: /home/naoki/ros2_ws/src/multi_explore_mapping/install/multi_explore_mapping/share/multi_explore_mapping//models/my_custom_model/model.sdf
-- Installing: /home/naoki/ros2_ws/src/multi_explore_mapping/install/multi_explore_mapping/share/ament_index/resource_index/package_run_dependencies/multi_explore_mapping
-- Up-to-date: /home/naoki/ros2_ws/src/multi_explore_mapping/install/multi_explore_mapping/share/ament_index/resource_index/parent_prefix_path/multi_explore_mapping
-- Up-to-date: /home/naoki/ros2_ws/src/multi_explore_mapping/install/multi_explore_mapping/share/multi_explore_mapping/environment/ament_prefix_path.sh
-- Installing: /home/naoki/ros2_ws/src/multi_explore_mapping/install/multi_explore_mapping/share/multi_explore_mapping/environment/ament_prefix_path.dsv
-- Up-to-date: /home/naoki/ros2_ws/src/multi_explore_mapping/install/multi_explore_mapping/share/multi_explore_mapping/environment/path.sh
-- Installing: /home/naoki/ros2_ws/src/multi_explore_mapping/install/multi_explore_mapping/share/multi_explore_mapping/environment/path.dsv
-- Up-to-date: /home/naoki/ros2_ws/src/multi_explore_mapping/install/multi_explore_mapping/share/multi_explore_mapping/local_setup.bash
-- Up-to-date: /home/naoki/ros2_ws/src/multi_explore_mapping/install/multi_explore_mapping/share/multi_explore_mapping/local_setup.sh
-- Up-to-date: /home/naoki/ros2_ws/src/multi_explore_mapping/install/multi_explore_mapping/share/multi_explore_mapping/local_setup.zsh
-- Installing: /home/naoki/ros2_ws/src/multi_explore_mapping/install/multi_explore_mapping/share/multi_explore_mapping/local_setup.dsv
-- Installing: /home/naoki/ros2_ws/src/multi_explore_mapping/install/multi_explore_mapping/share/multi_explore_mapping/package.dsv
-- Up-to-date: /home/naoki/ros2_ws/src/multi_explore_mapping/install/multi_explore_mapping/share/ament_index/resource_index/packages/multi_explore_mapping
-- Up-to-date: /home/naoki/ros2_ws/src/multi_explore_mapping/install/multi_explore_mapping/share/multi_explore_mapping/cmake/multi_explore_mappingConfig.cmake
-- Up-to-date: /home/naoki/ros2_ws/src/multi_explore_mapping/install/multi_explore_mapping/share/multi_explore_mapping/cmake/multi_explore_mappingConfig-version.cmake
-- Installing: /home/naoki/ros2_ws/src/multi_explore_mapping/install/multi_explore_mapping/share/multi_explore_mapping/package.xml
