[0.007s] Invoking command in '/home/naoki/ros2_ws/src/multi_explore_mapping/build/multi_explore_mapping': CMAKE_PREFIX_PATH=${CMAKE_PREFIX_PATH}:/home/naoki/ros2_ws/install/multi_robot_slam:/home/naoki/ros2_ws/src/install/multi_robot_slam:/opt/ros/humble /usr/bin/cmake --build /home/naoki/ros2_ws/src/multi_explore_mapping/build/multi_explore_mapping -- -j16 -l16
[0.023s] -- Found ament_cmake: 1.3.14 (/opt/ros/humble/share/ament_cmake/cmake)
[0.200s] -- Found rclcpp: 16.0.19 (/opt/ros/humble/share/rclcpp/cmake)
[0.268s] -- Found rosidl_generator_c: 3.1.8 (/opt/ros/humble/share/rosidl_generator_c/cmake)
[0.269s] -- Found rosidl_adapter: 3.1.8 (/opt/ros/humble/share/rosidl_adapter/cmake)
[0.271s] -- Found rosidl_generator_cpp: 3.1.8 (/opt/ros/humble/share/rosidl_generator_cpp/cmake)
[0.276s] -- Using all available rosidl_typesupport_c: rosidl_typesupport_fastrtps_c;rosidl_typesupport_introspection_c
[0.281s] -- Using all available rosidl_typesupport_cpp: rosidl_typesupport_fastrtps_cpp;rosidl_typesupport_introspection_cpp
[0.294s] -- Found rmw_implementation_cmake: 6.1.2 (/opt/ros/humble/share/rmw_implementation_cmake/cmake)
[0.295s] -- Found rmw_fastrtps_cpp: 6.2.10 (/opt/ros/humble/share/rmw_fastrtps_cpp/cmake)
[2.698s] -- Using RMW implementation 'rmw_fastrtps_cpp' as default
[2.719s] -- Found nav_msgs: 4.9.1 (/opt/ros/humble/share/nav_msgs/cmake)
[2.730s] -- Found sensor_msgs: 4.9.1 (/opt/ros/humble/share/sensor_msgs/cmake)
[2.736s] -- Found nav2_msgs: 1.1.20 (/opt/ros/humble/share/nav2_msgs/cmake)
[2.753s] -- Found std_srvs: 4.9.1 (/opt/ros/humble/share/std_srvs/cmake)
[2.758s] -- Found visualization_msgs: 4.9.1 (/opt/ros/humble/share/visualization_msgs/cmake)
[2.768s] -- Found cv_bridge: 3.2.1 (/opt/ros/humble/share/cv_bridge/cmake)
[2.769s] -- Found tf2_ros: 0.25.20 (/opt/ros/humble/share/tf2_ros/cmake)
[2.793s] -- Found tf2_geometry_msgs: 0.25.20 (/opt/ros/humble/share/tf2_geometry_msgs/cmake)
[2.794s] -- Found eigen3_cmake_module: 0.1.1 (/opt/ros/humble/share/eigen3_cmake_module/cmake)
[2.794s] -- Ensuring Eigen3 include directory is part of orocos-kdl CMake target
[2.800s] -- Found ament_lint_auto: 0.12.15 (/opt/ros/humble/share/ament_lint_auto/cmake)
[2.852s] -- Added test 'cppcheck' to perform static code analysis on C / C++ code
[2.852s] -- Configured cppcheck include dirs: /home/naoki/ros2_ws/src/multi_explore_mapping/include
[2.852s] -- Configured cppcheck exclude dirs and/or files: 
[2.853s] -- Added test 'flake8' to check Python code syntax and style conventions
[2.856s] -- Added test 'lint_cmake' to check CMake code style
[2.858s] -- Added test 'pep257' to check Python code against some of the docstring style conventions in PEP 257
[2.869s] -- Added test 'uncrustify' to check C / C++ code style
[2.869s] -- Configured uncrustify additional arguments: 
[2.870s] -- Added test 'xmllint' to check XML markup files
[2.921s] -- Configuring done
[2.945s] -- Generating done
[2.951s] -- Build files have been written to: /home/naoki/ros2_ws/src/multi_explore_mapping/build/multi_explore_mapping
[2.967s] Consolidate compiler generated dependencies of target icp_lib
[2.967s] Consolidate compiler generated dependencies of target sensor_explore_node
[2.967s] Consolidate compiler generated dependencies of target explore_supervisor
[2.970s] [ 10%] Building CXX object CMakeFiles/frontier_explore_node.dir/src/frontier_explore_node.cpp.o
[2.972s] [ 30%] Built target icp_lib
[2.973s] [ 50%] Built target explore_supervisor
[2.973s] [ 60%] Building CXX object CMakeFiles/sensor_explore_node.dir/src/sensor_explore_node.cpp.o
[2.979s] Consolidate compiler generated dependencies of target icp_map_matching_node
[2.987s] [ 70%] Building CXX object CMakeFiles/icp_map_matching_node.dir/src/icp_map_matching_node.cpp.o
[9.380s] [ 80%] Linking CXX executable frontier_explore_node
[9.674s] [ 80%] Built target frontier_explore_node
[9.910s] [ 90%] Linking CXX executable sensor_explore_node
[10.066s] [100%] Linking CXX executable icp_map_matching_node
[10.172s] [100%] Built target sensor_explore_node
[10.414s] [100%] Built target icp_map_matching_node
[10.420s] Invoked command in '/home/naoki/ros2_ws/src/multi_explore_mapping/build/multi_explore_mapping' returned '0': CMAKE_PREFIX_PATH=${CMAKE_PREFIX_PATH}:/home/naoki/ros2_ws/install/multi_robot_slam:/home/naoki/ros2_ws/src/install/multi_robot_slam:/opt/ros/humble /usr/bin/cmake --build /home/naoki/ros2_ws/src/multi_explore_mapping/build/multi_explore_mapping -- -j16 -l16
[10.425s] Invoking command in '/home/naoki/ros2_ws/src/multi_explore_mapping/build/multi_explore_mapping': CMAKE_PREFIX_PATH=${CMAKE_PREFIX_PATH}:/home/naoki/ros2_ws/install/multi_robot_slam:/home/naoki/ros2_ws/src/install/multi_robot_slam:/opt/ros/humble /usr/bin/cmake --install /home/naoki/ros2_ws/src/multi_explore_mapping/build/multi_explore_mapping
[10.427s] -- Install configuration: ""
[10.428s] -- Installing: /home/naoki/ros2_ws/src/multi_explore_mapping/install/multi_explore_mapping/lib/multi_explore_mapping/sensor_explore_node
[10.431s] -- Set runtime path of "/home/naoki/ros2_ws/src/multi_explore_mapping/install/multi_explore_mapping/lib/multi_explore_mapping/sensor_explore_node" to ""
[10.432s] -- Up-to-date: /home/naoki/ros2_ws/src/multi_explore_mapping/install/multi_explore_mapping/lib/multi_explore_mapping/explore_supervisor
[10.433s] -- Installing: /home/naoki/ros2_ws/src/multi_explore_mapping/install/multi_explore_mapping/lib/multi_explore_mapping/icp_map_matching_node
[10.435s] -- Set runtime path of "/home/naoki/ros2_ws/src/multi_explore_mapping/install/multi_explore_mapping/lib/multi_explore_mapping/icp_map_matching_node" to ""
[10.435s] -- Installing: /home/naoki/ros2_ws/src/multi_explore_mapping/install/multi_explore_mapping/lib/multi_explore_mapping/frontier_explore_node
[10.437s] -- Set runtime path of "/home/naoki/ros2_ws/src/multi_explore_mapping/install/multi_explore_mapping/lib/multi_explore_mapping/frontier_explore_node" to ""
[10.437s] -- Up-to-date: /home/naoki/ros2_ws/src/multi_explore_mapping/install/multi_explore_mapping/include
[10.437s] -- Up-to-date: /home/naoki/ros2_ws/src/multi_explore_mapping/install/multi_explore_mapping/include/multi_explore_mapping
[10.438s] -- Up-to-date: /home/naoki/ros2_ws/src/multi_explore_mapping/install/multi_explore_mapping/include/multi_explore_mapping/icp.hpp
[10.438s] -- Up-to-date: /home/naoki/ros2_ws/src/multi_explore_mapping/install/multi_explore_mapping/share/multi_explore_mapping//launch
[10.438s] -- Installing: /home/naoki/ros2_ws/src/multi_explore_mapping/install/multi_explore_mapping/share/multi_explore_mapping//launch/map_matching.launch.py
[10.438s] -- Installing: /home/naoki/ros2_ws/src/multi_explore_mapping/install/multi_explore_mapping/share/multi_explore_mapping//launch/simulation_world.launch.py
[10.438s] -- Up-to-date: /home/naoki/ros2_ws/src/multi_explore_mapping/install/multi_explore_mapping/share/multi_explore_mapping//launch/explore_supervisor.launch.py
[10.438s] -- Installing: /home/naoki/ros2_ws/src/multi_explore_mapping/install/multi_explore_mapping/share/multi_explore_mapping//launch/sensor_explore.launch.py
[10.438s] -- Installing: /home/naoki/ros2_ws/src/multi_explore_mapping/install/multi_explore_mapping/share/multi_explore_mapping//launch/frontier_explore.launch.py
[10.438s] -- Up-to-date: /home/naoki/ros2_ws/src/multi_explore_mapping/install/multi_explore_mapping/share/multi_explore_mapping//launch/map_merge.launch.py
[10.438s] -- Up-to-date: /home/naoki/ros2_ws/src/multi_explore_mapping/install/multi_explore_mapping/share/multi_explore_mapping//worlds
[10.438s] -- Up-to-date: /home/naoki/ros2_ws/src/multi_explore_mapping/install/multi_explore_mapping/share/multi_explore_mapping//worlds/my_custom_room.world
[10.438s] -- Up-to-date: /home/naoki/ros2_ws/src/multi_explore_mapping/install/multi_explore_mapping/share/multi_explore_mapping//models
[10.438s] -- Up-to-date: /home/naoki/ros2_ws/src/multi_explore_mapping/install/multi_explore_mapping/share/multi_explore_mapping//models/my_custom_model
[10.438s] -- Up-to-date: /home/naoki/ros2_ws/src/multi_explore_mapping/install/multi_explore_mapping/share/multi_explore_mapping//models/my_custom_model/model.config
[10.438s] -- Up-to-date: /home/naoki/ros2_ws/src/multi_explore_mapping/install/multi_explore_mapping/share/multi_explore_mapping//models/my_custom_model/meshes
[10.438s] -- Up-to-date: /home/naoki/ros2_ws/src/multi_explore_mapping/install/multi_explore_mapping/share/multi_explore_mapping//models/my_custom_model/meshes/wide.dae
[10.438s] -- Up-to-date: /home/naoki/ros2_ws/src/multi_explore_mapping/install/multi_explore_mapping/share/multi_explore_mapping//models/my_custom_model/model.sdf
[10.438s] -- Installing: /home/naoki/ros2_ws/src/multi_explore_mapping/install/multi_explore_mapping/share/ament_index/resource_index/package_run_dependencies/multi_explore_mapping
[10.438s] -- Up-to-date: /home/naoki/ros2_ws/src/multi_explore_mapping/install/multi_explore_mapping/share/ament_index/resource_index/parent_prefix_path/multi_explore_mapping
[10.438s] -- Up-to-date: /home/naoki/ros2_ws/src/multi_explore_mapping/install/multi_explore_mapping/share/multi_explore_mapping/environment/ament_prefix_path.sh
[10.438s] -- Installing: /home/naoki/ros2_ws/src/multi_explore_mapping/install/multi_explore_mapping/share/multi_explore_mapping/environment/ament_prefix_path.dsv
[10.438s] -- Up-to-date: /home/naoki/ros2_ws/src/multi_explore_mapping/install/multi_explore_mapping/share/multi_explore_mapping/environment/path.sh
[10.438s] -- Installing: /home/naoki/ros2_ws/src/multi_explore_mapping/install/multi_explore_mapping/share/multi_explore_mapping/environment/path.dsv
[10.438s] -- Up-to-date: /home/naoki/ros2_ws/src/multi_explore_mapping/install/multi_explore_mapping/share/multi_explore_mapping/local_setup.bash
[10.438s] -- Up-to-date: /home/naoki/ros2_ws/src/multi_explore_mapping/install/multi_explore_mapping/share/multi_explore_mapping/local_setup.sh
[10.438s] -- Up-to-date: /home/naoki/ros2_ws/src/multi_explore_mapping/install/multi_explore_mapping/share/multi_explore_mapping/local_setup.zsh
[10.438s] -- Installing: /home/naoki/ros2_ws/src/multi_explore_mapping/install/multi_explore_mapping/share/multi_explore_mapping/local_setup.dsv
[10.438s] -- Installing: /home/naoki/ros2_ws/src/multi_explore_mapping/install/multi_explore_mapping/share/multi_explore_mapping/package.dsv
[10.438s] -- Up-to-date: /home/naoki/ros2_ws/src/multi_explore_mapping/install/multi_explore_mapping/share/ament_index/resource_index/packages/multi_explore_mapping
[10.439s] -- Up-to-date: /home/naoki/ros2_ws/src/multi_explore_mapping/install/multi_explore_mapping/share/multi_explore_mapping/cmake/multi_explore_mappingConfig.cmake
[10.440s] -- Up-to-date: /home/naoki/ros2_ws/src/multi_explore_mapping/install/multi_explore_mapping/share/multi_explore_mapping/cmake/multi_explore_mappingConfig-version.cmake
[10.440s] -- Installing: /home/naoki/ros2_ws/src/multi_explore_mapping/install/multi_explore_mapping/share/multi_explore_mapping/package.xml
[10.441s] Invoked command in '/home/naoki/ros2_ws/src/multi_explore_mapping/build/multi_explore_mapping' returned '0': CMAKE_PREFIX_PATH=${CMAKE_PREFIX_PATH}:/home/naoki/ros2_ws/install/multi_robot_slam:/home/naoki/ros2_ws/src/install/multi_robot_slam:/opt/ros/humble /usr/bin/cmake --install /home/naoki/ros2_ws/src/multi_explore_mapping/build/multi_explore_mapping
